[67886:19307178:0909/094300.921915:ERROR:net/socket/socket_posix.cc:149] bind() failed: Address already in use (48)

DevTools listening on ws://[::1]:9222/devtools/browser/eec1dd68-ca46-46b3-b611-60e869d65fee
[67886:19307080:0909/094303.288251:ERROR:google_apis/gcm/engine/registration_request.cc:291] Registration response error message: DEPRECATED_ENDPOINT
Created TensorFlow Lite XNNPACK delegate for CPU.
Attempting to use a delegate that only supports static-sized tensors with a graph that has dynamic-sized tensors (tensor#-1 is a dynamic-sized tensor).
[68439:19308833:0909/094319.956752:VERBOSE1:chrome/updater/updater.cc:392] Version: 141.0.7376.0, opt, ARM_64, command line: /Users/troyedwards/Library/Application Support/Google/GoogleUpdater/141.0.7376.0/GoogleUpdater.app/Contents/MacOS/GoogleUpdater --wake-all --enable-logging --vmodule=*/components/update_client/*=2,*/chrome/enterprise_companion/*=2,*/chrome/updater/*=2
[68439:19308833:0909/094319.956922:VERBOSE1:chrome/updater/updater.cc:395] OS version: 15.5.0, System uptime (seconds): 328338, parent pid: 67886
[68441:19308837:0909/094319.964269:VERBOSE1:chrome/updater/updater.cc:392] Version: 141.0.7376.0, opt, ARM_64, command line: /Users/troyedwards/Library/Application Support/Google/GoogleUpdater/141.0.7376.0/GoogleUpdater.app/Contents/MacOS/GoogleUpdater --crash-handler --database=/Users/troyedwards/Library/Application Support/Google/GoogleUpdater/141.0.7376.0/Crashpad --url=https://clients2.google.com/cr/report --annotation=prod=Update4 --annotation=ver=141.0.7376.0 --handshake-fd=5 --enable-logging --vmodule=*/components/update_client/*=2,*/chrome/enterprise_companion/*=2,*/chrome/updater/*=2
[68441:19308837:0909/094319.964414:VERBOSE1:chrome/updater/updater.cc:395] OS version: 15.5.0, System uptime (seconds): 328338, parent pid: 1
[68439:19308833:0909/094319.966179:VERBOSE1:chrome/updater/crash_reporter.cc:120] Crash handler launched and ready.
[68439:19308833:0909/094319.966688:VERBOSE1:chrome/updater/crash_client.cc:106] Found 0 completed crash reports
[68439:19308833:0909/094319.966739:VERBOSE1:chrome/updater/crash_client.cc:124] Found 0 pending crash reports
[68439:19308833:0909/094319.966898:VERBOSE1:chrome/updater/updater.cc:95] Crash reporting initialized.
[68439:19308845:0909/094319.967099:VERBOSE1:chrome/updater/app/app_wakeall.cc:57] Launching `/Users/troyedwards/Library/Application Support/Google/GoogleUpdater/141.0.7376.0/GoogleUpdater.app/Contents/MacOS/GoogleUpdater --wake`
[68442:19308849:0909/094319.972307:VERBOSE1:chrome/updater/updater.cc:392] Version: 141.0.7376.0, opt, ARM_64, command line: /Users/troyedwards/Library/Application Support/Google/GoogleUpdater/141.0.7376.0/GoogleUpdater.app/Contents/MacOS/GoogleUpdater --wake --enable-logging --vmodule=*/components/update_client/*=2,*/chrome/enterprise_companion/*=2,*/chrome/updater/*=2
[68442:19308849:0909/094319.972455:VERBOSE1:chrome/updater/updater.cc:395] OS version: 15.5.0, System uptime (seconds): 328338, parent pid: 68439
[68444:19308854:0909/094319.979214:VERBOSE1:chrome/updater/updater.cc:392] Version: 141.0.7376.0, opt, ARM_64, command line: /Users/troyedwards/Library/Application Support/Google/GoogleUpdater/141.0.7376.0/GoogleUpdater.app/Contents/MacOS/GoogleUpdater --crash-handler --database=/Users/troyedwards/Library/Application Support/Google/GoogleUpdater/141.0.7376.0/Crashpad --url=https://clients2.google.com/cr/report --annotation=prod=Update4 --annotation=ver=141.0.7376.0 --handshake-fd=5 --enable-logging --vmodule=*/components/update_client/*=2,*/chrome/enterprise_companion/*=2,*/chrome/updater/*=2
[68444:19308854:0909/094319.979367:VERBOSE1:chrome/updater/updater.cc:395] OS version: 15.5.0, System uptime (seconds): 328338, parent pid: 1
[68442:19308849:0909/094319.981045:VERBOSE1:chrome/updater/crash_reporter.cc:120] Crash handler launched and ready.
[68442:19308849:0909/094319.981504:VERBOSE1:chrome/updater/crash_client.cc:106] Found 0 completed crash reports
[68442:19308849:0909/094319.981549:VERBOSE1:chrome/updater/crash_client.cc:124] Found 0 pending crash reports
[68442:19308849:0909/094319.981738:VERBOSE1:chrome/updater/updater.cc:95] Crash reporting initialized.
[68442:19308849:0909/094319.981872:VERBOSE1:chrome/updater/ipc/update_service_internal_proxy_posix.cc:100] Run
[67886:19307080:0909/094328.787201:ERROR:google_apis/gcm/engine/registration_request.cc:291] Registration response error message: DEPRECATED_ENDPOINT
[68442:19308849:0909/094357.678982:VERBOSE1:chrome/updater/updater.cc:403] UpdaterMain (--wake) returned 0.
[68439:19308845:0909/094357.897337:VERBOSE1:chrome/updater/app/app_wakeall.cc:67] `/Users/troyedwards/Library/Application Support/Google/GoogleUpdater/141.0.7376.0/GoogleUpdater.app/Contents/MacOS/GoogleUpdater --wake` exited 0
[68439:19308833:0909/094357.897730:VERBOSE1:chrome/updater/updater.cc:403] UpdaterMain (--wake-all) returned 0.
[68444:19308854:0909/094407.696222:VERBOSE1:chrome/updater/updater.cc:403] UpdaterMain (--crash-handler) returned 0.
[68441:19308837:0909/094407.697326:VERBOSE1:chrome/updater/updater.cc:403] UpdaterMain (--crash-handler) returned 0.
[67886:19307080:0909/094416.977838:ERROR:google_apis/gcm/engine/registration_request.cc:291] Registration response error message: DEPRECATED_ENDPOINT
WARNING: All log messages before absl::InitializeLog() is called are written to STDERR
I0000 00:00:1757425560.948554 19316293 voice_transcription.cc:58] Registering VoiceTranscriptionCapability
Trying to load the allocator multiple times. This is *not* supported.
[67886:19307080:0909/094612.557207:ERROR:google_apis/gcm/engine/registration_request.cc:291] Registration response error message: DEPRECATED_ENDPOINT
[67886:19307080:0909/094936.401508:ERROR:google_apis/gcm/engine/registration_request.cc:291] Registration response error message: DEPRECATED_ENDPOINT
[67886:19307080:0909/095501.789627:ERROR:google_apis/gcm/engine/registration_request.cc:291] Registration response error message: DEPRECATED_ENDPOINT
